AR trigger_recv_blk behavioral D:/cbradford/KickerControllerFirmware/GEL_CAPTAN/trigger_recv_blk.vhd sub00/vhpl61 1505511095
AR ethernetram ethernetram_a D:/cbradford/KickerControllerFirmware/GEL_CAPTAN/ipcore_dir/EthernetRAM.vhd sub00/vhpl73 1505511107
AR peakfinder behavioral D:/cbradford/KickerControllerFirmware/GEL_CAPTAN/PeakFinder.vhd sub00/vhpl71 1505511105
EN address_container NULL D:/cbradford/KickerControllerFirmware/oei/address_container.vhd sub00/vhpl02 1505511036
AR m2_1_mxilinx_top_level behavioral D:/cbradford/KickerControllerFirmware/GEL_CAPTAN/TOP_LEVEL.vhf sub00/vhpl79 1505511113
EN ethernet_controller NULL D:/cbradford/KickerControllerFirmware/oei/ethernet_controller.vhd sub00/vhpl40 1505511074
AR reset_mgr behavioral D:/cbradford/KickerControllerFirmware/oei/reset_mgr.vhd sub00/vhpl53 1505511087
EN filter_data_out NULL D:/cbradford/KickerControllerFirmware/oei/filter_data_out.vhd sub00/vhpl16 1505511050
PH params_package NULL D:/cbradford/KickerControllerFirmware/oei/params_package.vhd sub00/vhpl00 1505511034
EN ethernet_controller_wrapper NULL D:/cbradford/KickerControllerFirmware/oei/ethernet_controller_wrapper.vhd sub00/vhpl46 1505511080
AR addr_fifo addr_fifo_a D:/cbradford/KickerControllerFirmware/ipcore_dir/ADDR_FIFO.vhd sub00/vhpl31 1505511065
EN reset_mgr NULL D:/cbradford/KickerControllerFirmware/oei/reset_mgr.vhd sub00/vhpl52 1505511086
AR ram_comm_dec arch D:/cbradford/KickerControllerFirmware/oei/ram_comm_dec.vhd sub00/vhpl37 1505511071
EN ethernetram NULL D:/cbradford/KickerControllerFirmware/GEL_CAPTAN/ipcore_dir/EthernetRAM.vhd sub00/vhpl72 1505511106
EN ip_checksum_calc NULL D:/cbradford/KickerControllerFirmware/oei/ip_checksum_calc.vhd sub00/vhpl08 1505511042
EN fd8re_mxilinx_top_level NULL D:/cbradford/KickerControllerFirmware/GEL_CAPTAN/TOP_LEVEL.vhf sub00/vhpl74 1505511108
EN data_manager NULL D:/cbradford/KickerControllerFirmware/oei/data_manager.vhd sub00/vhpl48 1505511082
EN burst_controller_sm NULL D:/cbradford/KickerControllerFirmware/oei/burst_controller_sm.vhd sub00/vhpl32 1505511066
AR buffer_10bit behavioral D:/cbradford/KickerControllerFirmware/GEL_CAPTAN/buffer_10bit.vhd sub00/vhpl59 1505511093
EN dataout_mux NULL D:/cbradford/KickerControllerFirmware/oei/dataout_mux.vhd sub00/vhpl12 1505511046
AR burst_traffic_controller burst_traffic_controller_arch D:/cbradford/KickerControllerFirmware/oei/burst_traffic_controller.vhd sub00/vhpl51 1505511085
AR version_blk behavioral D:/cbradford/KickerControllerFirmware/GEL_CAPTAN/VERSION_BLK.vhd sub00/vhpl55 1505511089
EN data_fifo_0 NULL D:/cbradford/KickerControllerFirmware/ipcore_dir/DATA_FIFO_0.vhd sub00/vhpl26 1505511060
AR udp_data_splicer udp_data_splicer_arch D:/cbradford/KickerControllerFirmware/oei/udp_data_splicer.vhd sub00/vhpl23 1505511057
AR address_container arch D:/cbradford/KickerControllerFirmware/oei/address_container.vhd sub00/vhpl03 1505511037
AR mux64_8 behavioral D:/cbradford/KickerControllerFirmware/GEL_CAPTAN/MUX64_8.vhd sub00/vhpl57 1505511091
EN or33 NULL D:/cbradford/KickerControllerFirmware/oei/or33.vhd sub00/vhpl06 1505511040
AR top_level behavioral D:/cbradford/KickerControllerFirmware/GEL_CAPTAN/TOP_LEVEL.vhf sub00/vhpl83 1505511117
EN d4_16e_mxilinx_top_level NULL D:/cbradford/KickerControllerFirmware/GEL_CAPTAN/TOP_LEVEL.vhf sub00/vhpl80 1505511114
EN adc_fifo NULL D:/cbradford/KickerControllerFirmware/GEL_CAPTAN/ipcore_dir/ADC_FIFO.vhd sub00/vhpl68 1505511102
AR tx_seq_ctl arch D:/cbradford/KickerControllerFirmware/oei/tx_seq_ctl.vhd sub00/vhpl39 1505511073
AR icmp_ping_shift_reg arch D:/cbradford/KickerControllerFirmware/oei/icmp_ping_shift_reg.vhd sub00/vhpl21 1505511055
AR fd16re_mxilinx_top_level behavioral D:/cbradford/KickerControllerFirmware/GEL_CAPTAN/TOP_LEVEL.vhf sub00/vhpl77 1505511111
AR clocklatchsignals behavioral D:/cbradford/KickerControllerFirmware/GEL_CAPTAN/ClockLatchSignals.vhd sub00/vhpl67 1505511101
AR decipherer decipherer_arch D:/cbradford/KickerControllerFirmware/oei/decipherer.vhd sub00/vhpl15 1505511049
EN ram_comm_dec NULL D:/cbradford/KickerControllerFirmware/oei/ram_comm_dec.vhd sub00/vhpl36 1505511070
EN tx_seq_ctl NULL D:/cbradford/KickerControllerFirmware/oei/tx_seq_ctl.vhd sub00/vhpl38 1505511072
AR adc_fifo adc_fifo_a D:/cbradford/KickerControllerFirmware/GEL_CAPTAN/ipcore_dir/ADC_FIFO.vhd sub00/vhpl69 1505511103
AR ethernet_controller_wrapper arch D:/cbradford/KickerControllerFirmware/oei/ethernet_controller_wrapper.vhd sub00/vhpl47 1505511081
EN rx_ctl NULL D:/cbradford/KickerControllerFirmware/oei/rx_ctl.vhd sub00/vhpl34 1505511068
AR filter_data_out filter_data_out_arch D:/cbradford/KickerControllerFirmware/oei/filter_data_out.vhd sub00/vhpl17 1505511051
MO crc_gen NULL ../oei/crc_gen.v vlg21/crc__gen.bin 1505511035
AR info_fifo_0 info_fifo_0_a D:/cbradford/KickerControllerFirmware/ipcore_dir/INFO_FIFO_0.vhd sub00/vhpl29 1505511063
EN version_blk NULL D:/cbradford/KickerControllerFirmware/GEL_CAPTAN/VERSION_BLK.vhd sub00/vhpl54 1505511088
AR data_send behavioral D:/cbradford/KickerControllerFirmware/GEL_CAPTAN/data_send.vhd sub00/vhpl65 1505511099
AR rx_ctl arch D:/cbradford/KickerControllerFirmware/oei/rx_ctl.vhd sub00/vhpl35 1505511069
EN peakfinder NULL D:/cbradford/KickerControllerFirmware/GEL_CAPTAN/PeakFinder.vhd sub00/vhpl70 1505511104
AR data_fifo_0 data_fifo_0_a D:/cbradford/KickerControllerFirmware/ipcore_dir/DATA_FIFO_0.vhd sub00/vhpl27 1505511061
AR ip_checksum_calc arch D:/cbradford/KickerControllerFirmware/oei/ip_checksum_calc.vhd sub00/vhpl09 1505511043
EN create_packet NULL D:/cbradford/KickerControllerFirmware/oei/create_packet.vhd sub00/vhpl10 1505511044
AR burst_controller_sm burst_controller_sm_arch D:/cbradford/KickerControllerFirmware/oei/burst_controller_sm.vhd sub00/vhpl33 1505511067
AR crc_splice arch D:/cbradford/KickerControllerFirmware/oei/crc_splice.vhd sub00/vhpl45 1505511079
AR d4_16e_mxilinx_top_level behavioral D:/cbradford/KickerControllerFirmware/GEL_CAPTAN/TOP_LEVEL.vhf sub00/vhpl81 1505511115
AR fd8re_mxilinx_top_level behavioral D:/cbradford/KickerControllerFirmware/GEL_CAPTAN/TOP_LEVEL.vhf sub00/vhpl75 1505511109
EN icmp_ping_shift_reg NULL D:/cbradford/KickerControllerFirmware/oei/icmp_ping_shift_reg.vhd sub00/vhpl20 1505511054
AR ethernet_controller arch D:/cbradford/KickerControllerFirmware/oei/ethernet_controller.vhd sub00/vhpl41 1505511075
EN data_send NULL D:/cbradford/KickerControllerFirmware/GEL_CAPTAN/data_send.vhd sub00/vhpl64 1505511098
EN icmp_ping_checksum_calc NULL D:/cbradford/KickerControllerFirmware/oei/icmp_ping_checksum_calc.vhd sub00/vhpl18 1505511052
AR icmp_ping_checksum_calc icmp_ping_checksum_calc_arch D:/cbradford/KickerControllerFirmware/oei/icmp_ping_checksum_calc.vhd sub00/vhpl19 1505511053
AR user_addrs_mux user_addrs_mux_arch D:/cbradford/KickerControllerFirmware/oei/user_addrs_mux.vhd sub00/vhpl25 1505511059
EN m2_1_mxilinx_top_level NULL D:/cbradford/KickerControllerFirmware/GEL_CAPTAN/TOP_LEVEL.vhf sub00/vhpl78 1505511112
EN buffer_10bit NULL D:/cbradford/KickerControllerFirmware/GEL_CAPTAN/buffer_10bit.vhd sub00/vhpl58 1505511092
AR create_packet create_packet_arch D:/cbradford/KickerControllerFirmware/oei/create_packet.vhd sub00/vhpl11 1505511045
EN burst_traffic_controller NULL D:/cbradford/KickerControllerFirmware/oei/burst_traffic_controller.vhd sub00/vhpl50 1505511084
AR or33 or33_arch D:/cbradford/KickerControllerFirmware/oei/or33.vhd sub00/vhpl07 1505511041
AR arp_reply arp_reply_arch D:/cbradford/KickerControllerFirmware/oei/arp_reply.vhd sub00/vhpl05 1505511039
EN user_addrs_mux NULL D:/cbradford/KickerControllerFirmware/oei/user_addrs_mux.vhd sub00/vhpl24 1505511058
EN trigger_recv_blk NULL D:/cbradford/KickerControllerFirmware/GEL_CAPTAN/trigger_recv_blk.vhd sub00/vhpl60 1505511094
EN mii_100_1000_handler NULL D:/cbradford/KickerControllerFirmware/oei/xmii_handler.vhd sub00/vhpl42 1505511076
EN crc_splice NULL D:/cbradford/KickerControllerFirmware/oei/crc_splice.vhd sub00/vhpl44 1505511078
AR ethernet_interface behavioral D:/cbradford/KickerControllerFirmware/oei/ethernet_interface.vhd sub00/vhpl63 1505511097
EN ethernet_interface NULL D:/cbradford/KickerControllerFirmware/oei/ethernet_interface.vhd sub00/vhpl62 1505511096
EN fd16re_mxilinx_top_level NULL D:/cbradford/KickerControllerFirmware/GEL_CAPTAN/TOP_LEVEL.vhf sub00/vhpl76 1505511110
EN udp_data_splicer NULL D:/cbradford/KickerControllerFirmware/oei/udp_data_splicer.vhd sub00/vhpl22 1505511056
AR dataout_mux dataout_mux_arch D:/cbradford/KickerControllerFirmware/oei/dataout_mux.vhd sub00/vhpl13 1505511047
AR data_manager behavioral D:/cbradford/KickerControllerFirmware/oei/data_manager.vhd sub00/vhpl49 1505511083
EN info_fifo_0 NULL D:/cbradford/KickerControllerFirmware/ipcore_dir/INFO_FIFO_0.vhd sub00/vhpl28 1505511062
EN arp_reply NULL D:/cbradford/KickerControllerFirmware/oei/arp_reply.vhd sub00/vhpl04 1505511038
MO crc_chk NULL ../oei/crc_chk.v vlg49/crc__chk.bin 1505511035
AR mii_100_1000_handler arch D:/cbradford/KickerControllerFirmware/oei/xmii_handler.vhd sub00/vhpl43 1505511077
PB params_package params_package D:/cbradford/KickerControllerFirmware/oei/params_package.vhd sub00/vhpl01 1505511035
EN mux64_8 NULL D:/cbradford/KickerControllerFirmware/GEL_CAPTAN/MUX64_8.vhd sub00/vhpl56 1505511090
EN top_level NULL D:/cbradford/KickerControllerFirmware/GEL_CAPTAN/TOP_LEVEL.vhf sub00/vhpl82 1505511116
EN decipherer NULL D:/cbradford/KickerControllerFirmware/oei/decipherer.vhd sub00/vhpl14 1505511048
EN addr_fifo NULL D:/cbradford/KickerControllerFirmware/ipcore_dir/ADDR_FIFO.vhd sub00/vhpl30 1505511064
EN clocklatchsignals NULL D:/cbradford/KickerControllerFirmware/GEL_CAPTAN/ClockLatchSignals.vhd sub00/vhpl66 1505511100
