#-----------------------------------------------------------
# PlanAhead v14.7 (64-bit)
# Build 321239 by xbuild on Fri Sep 27 19:29:51 MDT 2013
# Start of session at: Wed Oct 04 14:50:58 2017
# Process ID: 4276
# Log file: D:/cbradford/KickerControllerFirmware/GEL_CAPTAN/planAhead_run_3/planAhead.log
# Journal file: D:/cbradford/KickerControllerFirmware/GEL_CAPTAN/planAhead_run_3/planAhead.jou
#-----------------------------------------------------------
start_gui
source D:/cbradford/KickerControllerFirmware/GEL_CAPTAN/pa.fromNcd.tcl
report_timing -from [get_ports BUSB_00DP*]
report_timing -from [get_ports BUSB_01DP*]
report_timing -from [get_ports BUSB_02DP*]
report_timing -from [get_ports BUSB_00DP*]
report_timing -from [get_ports BUSB_03DP*]
report_timing -from [get_ports BUSB_04DP*]
report_timing -from [get_ports BUSB_05DP*]
report_timing -from [get_ports BUSB_06DP*]
report_timing -from [get_ports BUSB_07DP*]
report_timing -from [get_ports BUSB_08DP*]
report_timing -from [get_ports BUSB_010DP*]
report_timing -from [get_ports BUSB_10DP*]
report_timing -from [get_ports BUSB_11DP*]
report_timing -from [get_ports BUSB_11DP*]
report_timing -from [get_ports BUSB_09DP*]
report_timing -from [get_ports BUSB_10DP*]
report_timing -from [get_ports BUSB_11DP*]
report_timing -from [get_ports BUSB_12DP*]
report_timing -from [get_ports BUSB_13DP*]
report_timing -from [get_ports BUSB_14DP*]
report_timing -from [get_ports BUSB_15]DP*]
report_timing -from [get_ports BUSB_15DP*]
